// Jest Snapshot v1, https://goo.gl/fbAQLP

exports[`App should match the snapshot with all data passed in 1`] = `
<div>
  <div
    className="App"
  >
    <header
      className="App-header"
    >
      <h1
        className="App-title"
      >
        CodeSnippits
      </h1>
    </header>
    <h3
      className="App-instructions"
    >
      Welcome! Analyze the code snippet. Select the correct answer. Submit to W!N.
    </h3>
    <h3
      className="App-hidden"
    >
      Select your answer. 
      <strong
        className="Text-bold"
      >
        Scroll
      </strong>
       to view options.
    </h3>
    <button
      className="App-btn"
      onClick={[Function]}
    >
      START
    </button>
  </div>
</div>
`;
