// Jest Snapshot v1, https://goo.gl/fbAQLP

exports[`Score should match the snapshot with all data passed in 1`] = `
<div
  className="Score"
>
  <h1
    className="Score-text"
  >
    SCORE:
  </h1>
  <p
    className="Score-text"
  >
     pts
  </p>
</div>
`;
